Microsoft (R) Macro Assembler Version 14.27.29112.0	    11/30/20 07:47:44
<Designing Low-Level I/O Procedures & Macros     (Proj6_thom  Page 1 - 1


				TITLE Designing Low-Level I/O Procedures & Macros     (Proj6_thompsti.asm)

				; Author: Tim Thompson
				; Last Modified: 11/28/20
				; OSU email address: thompsti@oregonstate.edu
				; Course number/section:   CS271 Section 400
				; Project Number:       6         Due Date: 12/6/20
				; Description:	This program will request and obtain 10 signed decimal integers from the user.
				;				Each number is validated to ensure that it is small enough to fit inside a
				;				32 bit register. Once the 10 raw numbers have been inputted and validated, a
				;				list of the numbers that the user entered is displayed. The program will then
				;				compute the sum of the numbers, and their rounded average, and the results of
				;				these computations are then displayed to the user. Finally, a goodbye message
				;				is displayed.

				INCLUDE Irvine32.inc
			      C ; Include file for Irvine32.lib             (Irvine32.inc)
			      C 
			      C ;OPTION CASEMAP:NONE		; optional: make identifiers case-sensitive
			      C 
			      C INCLUDE SmallWin.inc		; MS-Windows prototypes, structures, and constants
			      C .NOLIST
			      C .LIST
			      C 
			      C INCLUDE VirtualKeys.inc
			      C ; VirtualKeys.inc
			      C .NOLIST
			      C .LIST
			      C 
			      C 
			      C .NOLIST
			      C .LIST
			      C 

				; ---------------------------------------------------------------------
				; Name: mGetString
				;
				; Prompt user to provide a signed integer number that fits inside a
				; SDWORD and then store user input as string.
				;
				; Preconditions:	Prompt is initialized and is a BYTE array containing
				;					the user prompt to display. inputBuffer is initialized
				;					and is a BYTE array. inputBufferLength is initialized
				;					and is a DWORD. maxBufferSize is initialized and is
				;					a DWORD.
				;
				; Postconditions: None.
				;
				; Receives:
				;		prompt = address of user prompt to display.
				;		inputBuffer = address of buffer array to store user input.
				;		inputBufferLength = address of buffer size to store input length.
				;		maxBufferSize = value of max buffer size.
				;
				; Returns:
				;		inputBuffer contains string of number entered by user.
				;		inputBufferLength contains length of string entered by user.
				; ---------------------------------------------------------------------
				mGetString	MACRO prompt:REQ, inputBuffer:REQ, inputBufferLength:REQ, maxBufferSize:REQ
					PUSHAD

					; Prompt user for signed integer number
					MOV		EDX, prompt
					CALL	WriteString

					; Store user input
					MOV		EDX, inputBuffer
					MOV		ECX, maxBufferSize
					CALL	ReadString

					; Store size of user input
					MOV		EDI, inputBufferLength
					MOV		[EDI], EAX

					POPAD
				ENDM

				; ---------------------------------------------------------------------
				; Name: mDisplayString
				;
				; Reads string and then displays the string to console.
				;
				; Preconditions:	stringToRead is an address pointing to a BYTE array
				;					containing the string to display.
				;
				; Postconditions: None.
				;
				; Receives:
				;		stringToRead = address of array containing string.
				;
				; Returns: None.
				; ---------------------------------------------------------------------
				mDisplayString	MACRO stringToRead:REQ
					PUSH	EDX

					; Display number
					MOV		EDX, stringToRead
					CALL	WriteString

					POP		EDX
				ENDM

 =-80000000				MINVALIDVAL = -2147483648
 = 7FFFFFFF				MAXVALIDVAL = 2147483647
 = 0000000A				NUMCOUNT = 10
 = 0000000E				MAXBUFFERSIZE = 14

 00000000			.data

 00000000 44 65 73 69 67		introMessage	BYTE	"Designing Low-Level I/O Procedures & Macros by Tim Thompson",13,10,13,10
	   6E 69 6E 67 20
	   4C 6F 77 2D 4C
	   65 76 65 6C 20
	   49 2F 4F 20 50
	   72 6F 63 65 64
	   75 72 65 73 20
	   26 20 4D 61 63
	   72 6F 73 20 62
	   79 20 54 69 6D
	   20 54 68 6F 6D
	   70 73 6F 6E 0D
	   0A 0D 0A
 0000003F  50 6C 65 61 73						BYTE	"Please provide 10 signed decimal integers.",13,10
	   65 20 70 72 6F
	   76 69 64 65 20
	   31 30 20 73 69
	   67 6E 65 64 20
	   64 65 63 69 6D
	   61 6C 20 69 6E
	   74 65 67 65 72
	   73 2E 0D 0A
 0000006B  45 61 63 68 20						BYTE	"Each number needs to be capable of fitting inside a 32 bit register. After you have finished entering",13,10
	   6E 75 6D 62 65
	   72 20 6E 65 65
	   64 73 20 74 6F
	   20 62 65 20 63
	   61 70 61 62 6C
	   65 20 6F 66 20
	   66 69 74 74 69
	   6E 67 20 69 6E
	   73 69 64 65 20
	   61 20 33 32 20
	   62 69 74 20 72
	   65 67 69 73 74
	   65 72 2E 20 41
	   66 74 65 72 20
	   79 6F 75 20 68
	   61 76 65 20 66
	   69 6E 69 73 68
	   65 64 20 65 6E
	   74 65 72 69 6E
	   67 0D 0A
 000000D2  74 68 65 20 72						BYTE	"the raw numbers, I will display a list of the integers, their sum, and their average value.",13,10,13,10,0
	   61 77 20 6E 75
	   6D 62 65 72 73
	   2C 20 49 20 77
	   69 6C 6C 20 64
	   69 73 70 6C 61
	   79 20 61 20 6C
	   69 73 74 20 6F
	   66 20 74 68 65
	   20 69 6E 74 65
	   67 65 72 73 2C
	   20 74 68 65 69
	   72 20 73 75 6D
	   2C 20 61 6E 64
	   20 74 68 65 69
	   72 20 61 76 65
	   72 61 67 65 20
	   76 61 6C 75 65
	   2E 0D 0A 0D 0A
	   00
 00000132 0D 0A 0D 0A 53		goodbyeMessage	BYTE	13,10,13,10,"So long and thanks for all the knowledge! Wonderful class.",13,10,0
	   6F 20 6C 6F 6E
	   67 20 61 6E 64
	   20 74 68 61 6E
	   6B 73 20 66 6F
	   72 20 61 6C 6C
	   20 74 68 65 20
	   6B 6E 6F 77 6C
	   65 64 67 65 21
	   20 57 6F 6E 64
	   65 72 66 75 6C
	   20 63 6C 61 73
	   73 2E 0D 0A 00
 00000173 50 6C 65 61 73		numberPrompt	BYTE	"Please enter a signed number: ",0
	   65 20 65 6E 74
	   65 72 20 61 20
	   73 69 67 6E 65
	   64 20 6E 75 6D
	   62 65 72 3A 20
	   00
 00000192 45 52 52 4F 52		errorMessage	BYTE	"ERROR: Your number was too big, you did not enter a signed number, or your entry was blank. Please try again.",13,10,0
	   3A 20 59 6F 75
	   72 20 6E 75 6D
	   62 65 72 20 77
	   61 73 20 74 6F
	   6F 20 62 69 67
	   2C 20 79 6F 75
	   20 64 69 64 20
	   6E 6F 74 20 65
	   6E 74 65 72 20
	   61 20 73 69 67
	   6E 65 64 20 6E
	   75 6D 62 65 72
	   2C 20 6F 72 20
	   79 6F 75 72 20
	   65 6E 74 72 79
	   20 77 61 73 20
	   62 6C 61 6E 6B
	   2E 20 50 6C 65
	   61 73 65 20 74
	   72 79 20 61 67
	   61 69 6E 2E 0D
	   0A 00
 00000202 0D 0A 59 6F 75		resultPrompt1	BYTE	13,10,"You entered these numbers:",13,10,0
	   20 65 6E 74 65
	   72 65 64 20 74
	   68 65 73 65 20
	   6E 75 6D 62 65
	   72 73 3A 0D 0A
	   00
 00000221 0D 0A 0D 0A 54		sumTotalMsg		BYTE	13,10,13,10,"The sum of these numbers is: ",0
	   68 65 20 73 75
	   6D 20 6F 66 20
	   74 68 65 73 65
	   20 6E 75 6D 62
	   65 72 73 20 69
	   73 3A 20 00
 00000243 0D 0A 0D 0A 54		roundedAvgMsg	BYTE	13,10,13,10,"The rounded average of these numbers is: ",0
	   68 65 20 72 6F
	   75 6E 64 65 64
	   20 61 76 65 72
	   61 67 65 20 6F
	   66 20 74 68 65
	   73 65 20 6E 75
	   6D 62 65 72 73
	   20 69 73 3A 20
	   00
 00000271  0000000E [			buffer			BYTE	MAXBUFFERSIZE DUP(?)
	    00
	   ]
 0000027F 00000000			firstNumToShow	DWORD	0
 00000283 00000000			bufferSize		DWORD	0
 00000287 00000000			isNumberValid	DWORD	0
 0000028B  0000000A [			validatedNums	SDWORD	NUMCOUNT DUP(?)
	    00000000
	   ]
 000002B3 00000000			sumTotal		SDWORD	0
 000002B7 00000000			numAvg			SDWORD	0

 00000000			.code
 00000000			main PROC

					; Introduce program to user and display instructions
					mDisplayString OFFSET introMessage
 00000000  52		     1		PUSH	EDX
 00000001  BA 00000000 R     1		MOV		EDX, OFFSET introMessage
 00000006  E8 00000000 E     1		CALL	WriteString
 0000000B  5A		     1		POP		EDX

					; Obtain values from user
 0000000C  B9 0000000A			MOV		ECX, NUMCOUNT
 00000011			_GetValue:
					; Get first address of validatedNums that is empty to store number in
 00000011  B8 0000000A			MOV		EAX, NUMCOUNT
 00000016  8B D9			MOV		EBX, ECX
 00000018  2B C3			SUB		EAX, EBX
 0000001A  BB 00000004			MOV		EBX, 4
 0000001F  F7 E3			MUL		EBX
 00000021  BE 0000028B R		MOV		ESI, OFFSET validatedNums
 00000026  03 F0			ADD		ESI, EAX

					; Request signed integer number from user
 00000028  6A 0E			PUSH	MAXBUFFERSIZE
 0000002A  56				PUSH	ESI
 0000002B  68 80000000			PUSH	MINVALIDVAL
 00000030  68 7FFFFFFF			PUSH	MAXVALIDVAL
 00000035  68 00000192 R		PUSH	OFFSET errorMessage
 0000003A  68 00000287 R		PUSH	OFFSET isNumberValid
 0000003F  68 00000173 R		PUSH	OFFSET numberPrompt
 00000044  68 00000271 R		PUSH	OFFSET buffer
 00000049  68 00000283 R		PUSH	OFFSET bufferSize
 0000004E  E8 000000EA			CALL	ReadVal

 00000053  E2 BC			LOOP	_GetValue

					; Notify user that they have entered numbers which are about to be written
					mDisplayString OFFSET resultPrompt1
 00000055  52		     1		PUSH	EDX
 00000056  BA 00000202 R     1		MOV		EDX, OFFSET resultPrompt1
 0000005B  E8 00000000 E     1		CALL	WriteString
 00000060  5A		     1		POP		EDX
					
					; Write values to console
 00000061  B9 0000000A			MOV		ECX, NUMCOUNT
 00000066			_WriteValue:
					; Get address of next number to write to console
 00000066  B8 0000000A			MOV		EAX, NUMCOUNT
 0000006B  8B D9			MOV		EBX, ECX
 0000006D  2B C3			SUB		EAX, EBX
 0000006F  BB 00000004			MOV		EBX, 4
 00000074  F7 E3			MUL		EBX
 00000076  BE 0000028B R		MOV		ESI, OFFSET validatedNums
 0000007B  03 F0			ADD		ESI, EAX

					; Set boolean firstNumToShow to 1 if first number to display, 0 if not
 0000007D  83 F9 0A			CMP		ECX, NUMCOUNT
 00000080  75 0A			JNZ		_ShowNumber
 00000082  C7 05 0000027F R		MOV		DWORD PTR firstNumToShow, 1
	   00000001

 0000008C			_ShowNumber:
					; Write value to console
 0000008C  FF 35 0000027F R		PUSH	firstNumToShow
 00000092  FF 36			PUSH	[ESI]
 00000094  68 00000271 R		PUSH	OFFSET buffer
 00000099  68 00000283 R		PUSH	OFFSET bufferSize
 0000009E  E8 000001C2			CALL	WriteVal

					; Reset boolean firstNumToShow for later use
 000000A3  C7 05 0000027F R		MOV		DWORD PTR firstNumToShow, 0
	   00000000

 000000AD  E2 B7			LOOP	_WriteValue

					; Calculate sum total of validated numbers
 000000AF  68 000002B3 R		PUSH	OFFSET sumTotal
 000000B4  68 0000028B R		PUSH	OFFSET validatedNums
 000000B9  6A 0A			PUSH	NUMCOUNT
 000000BB  E8 0000025E			CALL	CalculateSum

					; Display sum total message
					mDisplayString OFFSET sumTotalMsg
 000000C0  52		     1		PUSH	EDX
 000000C1  BA 00000221 R     1		MOV		EDX, OFFSET sumTotalMsg
 000000C6  E8 00000000 E     1		CALL	WriteString
 000000CB  5A		     1		POP		EDX

					; The sum and average will both be the first number to display
 000000CC  C7 05 0000027F R		MOV		DWORD PTR firstNumToShow, 1
	   00000001

					; Display sum total of validated numbers
 000000D6  FF 35 0000027F R		PUSH	firstNumToShow
 000000DC  FF 35 000002B3 R		PUSH	sumTotal
 000000E2  68 00000271 R		PUSH	OFFSET buffer
 000000E7  68 00000283 R		PUSH	OFFSET bufferSize
 000000EC  E8 00000174			CALL	WriteVal

					; Calculate rounded average of validated numbers
 000000F1  68 000002B7 R		PUSH	OFFSET numAvg
 000000F6  FF 35 000002B3 R		PUSH	sumTotal
 000000FC  6A 0A			PUSH	NUMCOUNT
 000000FE  E8 0000023B			CALL	CalculateAverage

					; Display rounded average message
					mDisplayString OFFSET roundedAvgMsg
 00000103  52		     1		PUSH	EDX
 00000104  BA 00000243 R     1		MOV		EDX, OFFSET roundedAvgMsg
 00000109  E8 00000000 E     1		CALL	WriteString
 0000010E  5A		     1		POP		EDX

					; Display rounded average of validated numbers
 0000010F  FF 35 0000027F R		PUSH	firstNumToShow
 00000115  FF 35 000002B7 R		PUSH	numAvg
 0000011B  68 00000271 R		PUSH	OFFSET buffer
 00000120  68 00000283 R		PUSH	OFFSET bufferSize
 00000125  E8 0000013B			CALL	WriteVal

					; Say goodbye to the user
					mDisplayString OFFSET goodbyeMessage
 0000012A  52		     1		PUSH	EDX
 0000012B  BA 00000132 R     1		MOV		EDX, OFFSET goodbyeMessage
 00000130  E8 00000000 E     1		CALL	WriteString
 00000135  5A		     1		POP		EDX

					Invoke	ExitProcess,0	; Exit to operating system
 00000136  6A 00	   *	    push   +000000000h
 00000138  E8 00000000 E   *	    call   ExitProcess
 0000013D			main ENDP

				; ---------------------------------------------------------------------
				; Name: ReadVal
				;
				; Obtain a signed integer number from the user, validate that it is a
				; valid signed integer number which can fit in a 32 bit register, and
				; then store the validated number in an array. The length of the string
				; entered by the user is stored in bufferSize. If the number is invalid
				; then another number is requested from the user, until a valid number
				; is provided.
				;
				; Preconditions:	Buffer is a BYTE array, buffer size is a DWORD.
				;					User prompt is a BYTE array containing prompt to
				;					display to user. errorMessage is a BYTE array
				;					containing an error message to display to user
				;					if the number is invalid. Max and min valid values
				;					are	initialized to SDWORD upper and lower boundaries.
				;					validatedNums is a SDWORD array, initialized, and
				;					has capacity to accept another number. maxBufferSize
				;					contains the maximum length the input buffer accepts.
				;
				; Postconditions:	isNumberValid contains a 1 if the number entered
				;					by the user is valid, 0 if the number is invalid.
				;					buffer is populated with string of number input by user.
				;					bufferSize is populated with length of user inputted number.
				;
				; Receives:
				;		[EBP+8] = address of buffer size for user input.
				;		[EBP+12] = address of buffer for user input.
				;		[EBP+16] = address of user prompt.
				;		[EBP+20] = address of boolean value isNumberValid.
				;		[EBP+24] = address of error message for invalid entry.
				;		[EBP+28] = value of max valid value for number.
				;		[EBP+32] = value of min valid value for number.
				;		[EBP+36] = address of array to store validated numbers.
				;		[EBP+40] = value of max buffer size.
				;
				; Returns:
				;		validatedNums array contains number input by user.
				; ---------------------------------------------------------------------
 0000013D			ReadVal PROC
 0000013D  55				PUSH		EBP
 0000013E  8B EC			MOV			EBP, ESP
 00000140  60				PUSHAD

 00000141			_GetNumber:
					; Call macro to get and store number input by user
					mGetString	[EBP+16], [EBP+12], [EBP+8], [EBP+40]
 00000141  60		     1		PUSHAD
 00000142  8B 55 10	     1		MOV		EDX, [EBP+16]
 00000145  E8 00000000 E     1		CALL	WriteString
 0000014A  8B 55 0C	     1		MOV		EDX, [EBP+12]
 0000014D  8B 4D 28	     1		MOV		ECX, [EBP+40]
 00000150  E8 00000000 E     1		CALL	ReadString
 00000155  8B 7D 08	     1		MOV		EDI, [EBP+8]
 00000158  89 07	     1		MOV		[EDI], EAX
 0000015A  61		     1		POPAD

					; Validate user input to ensure it is not empty and is a number
 0000015B  FF 75 14			PUSH		[EBP+20]
 0000015E  FF 75 0C			PUSH		[EBP+12]
 00000161  FF 75 08			PUSH		[EBP+8]
 00000164  E8 00000046			CALL		ValidateInput

					; Check if user input is a number, and if not, display error message
					; then prompt user to enter a number
 00000169  8B 75 14			MOV			ESI, [EBP+20]
 0000016C  8A 06			MOV			AL, [ESI]
 0000016E  3C 01			CMP			AL, 1
 00000170  74 0C			JZ			_CheckNumberSize
					mDisplayString [EBP+24]
 00000172  52		     1		PUSH	EDX
 00000173  8B 55 18	     1		MOV		EDX, [EBP+24]
 00000176  E8 00000000 E     1		CALL	WriteString
 0000017B  5A		     1		POP		EDX
 0000017C  EB C3			JMP			_GetNumber

 0000017E			_CheckNumberSize:
					; Validate number to ensure it fits in the boundaries of a SDWORD
 0000017E  FF 75 24			PUSH		[EBP+36]
 00000181  FF 75 20			PUSH		[EBP+32]
 00000184  FF 75 1C			PUSH		[EBP+28]
 00000187  FF 75 14			PUSH		[EBP+20]
 0000018A  FF 75 0C			PUSH		[EBP+12]
 0000018D  FF 75 08			PUSH		[EBP+8]
 00000190  E8 00000059			CALL		ValidateNumber

					; Check if number is valid, and if not, display error message
					; then prompt user to enter another number
 00000195  8B 75 14			MOV			ESI, [EBP+20]
 00000198  8A 06			MOV			AL, [ESI]
 0000019A  3C 01			CMP			AL, 1
 0000019C  74 0C			JZ			_DoneReadingValue
					mDisplayString [EBP+24]
 0000019E  52		     1		PUSH	EDX
 0000019F  8B 55 18	     1		MOV		EDX, [EBP+24]
 000001A2  E8 00000000 E     1		CALL	WriteString
 000001A7  5A		     1		POP		EDX
 000001A8  EB 97			JMP			_GetNumber

 000001AA			_DoneReadingValue:
 000001AA  61				POPAD
 000001AB  5D				POP		EBP
 000001AC  C2 0024			RET		36
 000001AF			ReadVal ENDP

				; ---------------------------------------------------------------------
				; Name: ValidateInput
				;
				; Validate the user input passed into the buffer. The user input stored
				; in buffer is checked to ensure it is not an empty string and it does
				; not have non-numeric characters in it other than an optional leading sign.
				;
				; Preconditions:	Buffer is a BYTE array, buffer size is a DWORD, and
				;					isValid is a BYTE. Buffer contains the string input
				;					by the user and buffer size contains the length of
				;					the string input by the user.
				;
				; Postconditions: None.
				;
				; Receives:
				;		[EBP+8] = address of buffer size for user input.
				;		[EBP+12] = address of buffer for user input.
				;		[EBP+16] = address of boolean value isValid.
				;
				; Returns:
				;		isValid as 1 if input is valid, 0 if input is invalid.
				; ---------------------------------------------------------------------
 000001AF			ValidateInput PROC
 000001AF  55				PUSH	EBP
 000001B0  8B EC			MOV		EBP, ESP
 000001B2  60				PUSHAD

					; Store parameters for validation
 000001B3  8B 5D 08			MOV		EBX, [EBP+8]
 000001B6  8B 0B			MOV		ECX, [EBX]
 000001B8  8B 75 0C			MOV		ESI, [EBP+12]
 000001BB  8B 5D 10			MOV		EBX, [EBP+16]

					; Check if buffer is an empty string, and if so, validation is done
 000001BE  83 F9 00			CMP		ECX, 0
 000001C1  74 18			JZ		_ValidationFail

					; Check if any invalid characters are in user input
 000001C3  FC				CLD
 000001C4			_CheckUserInput:
 000001C4  AC				LODSB
 000001C5  3C 30			CMP		AL, 48
 000001C7  7C 08			JL		_CheckSign
 000001C9  3C 39			CMP		AL, 57
 000001CB  7F 04			JG		_CheckSign

 000001CD			_CheckSignPass:
 000001CD  E2 F5			LOOP	_CheckUserInput

					; If loop finishes and all characters are valid, validation is successful
 000001CF  EB 12			JMP		_ValidationSuccess

					; If ASCII character is less than 48, or greater than 58, check if it is + or -
					; If character is + or -, continue checking user input, otherwise validation is done
 000001D1			_CheckSign:
 000001D1  3C 2B			CMP		AL, 43
 000001D3  74 F8			JZ		_CheckSignPass
 000001D5  3C 2D			CMP		AL, 45
 000001D7  75 02			JNZ		_ValidationFail
 000001D9  EB F2			JMP		_CheckSignPass

 000001DB			_ValidationFail:
					; If any checks fail, return isValid as 0
 000001DB  C7 03 00000000		MOV		DWORD PTR [EBX], 0
 000001E1  EB 06			JMP		_ValidationDone

 000001E3			_ValidationSuccess:
					; If all checks pass, return isValid as 1
 000001E3  C7 03 00000001		MOV		DWORD PTR [EBX], 1

 000001E9			_ValidationDone:
 000001E9  61				POPAD
 000001EA  5D				POP		EBP
 000001EB  C2 000C			RET		12
 000001EE			ValidateInput ENDP

				; ---------------------------------------------------------------------
				; Name: ValidateNumber
				;
				; Validate the number entered by the user to ensure that it fits inside
				; the min/max of a SDWORD, so that it is capable of fitting inside a
				; 32 bit register.
				;
				; Preconditions:	Buffer is a BYTE array, bufferSize is a DWORD, and
				;					isValid is a BYTE. Max and min valid values are
				;					initialized to SDWORD upper and lower boundaries.
				;					Buffer contains the string input by the user and
				;					bufferSize contains the length of the string input
				;					by the user.
				;
				; Postconditions: validatedNums array contains number if valid.
				;
				; Receives:
				;		[EBP+8] = address of buffer size for user input.
				;		[EBP+12] = address of buffer for user input.
				;		[EBP+16] = address of boolean value isValid.
				;		[EBP+20] = value of max valid value for number.
				;		[EBP+24] = value of min valid value for number.
				;		[EBP+28] = address of array to store validated numbers.
				;
				; Returns:
				;		isValid as 1 if input is valid, 0 if input is invalid.
				; ---------------------------------------------------------------------
 000001EE			ValidateNumber PROC
					LOCAL	numIsNegative:BYTE
 000001EE  55		   *	    push   ebp
 000001EF  8B EC	   *	    mov    ebp, esp
 000001F1  83 C4 FC	   *	    add    esp, 0FFFFFFFCh
 000001F4  C6 45 FF 00			MOV		numIsNegative, 0
 000001F8  60				PUSHAD

 000001F9  8B 5D 08			MOV		EBX, [EBP+8]			; address of buffer size
 000001FC  8B 0B			MOV		ECX, [EBX]				; value of buffer size
 000001FE  8B 75 0C			MOV		ESI, [EBP+12]			; address of buffer

					; Check first buffer character to see if it's a sign
 00000201  8B 06			MOV		EAX, [ESI]
 00000203  3C 2B			CMP		AL, 43
 00000205  74 06			JZ		_PositiveSign
 00000207  3C 2D			CMP		AL, 45
 00000209  74 08			JZ		_NegativeSign
 0000020B  EB 0D			JMP		_ReadyToCompute

					; If the first character is positive, advance ESI one character
 0000020D			_PositiveSign:
 0000020D  83 C6 01			ADD		ESI, 1
 00000210  49				DEC		ECX
 00000211  EB 07			JMP		_ReadyToCompute

					; If the first character is negative, advance ESI one character, set numIsNegative boolean
 00000213			_NegativeSign:
 00000213  FE 45 FF			INC		BYTE PTR numIsNegative
 00000216  83 C6 01			ADD		ESI, 1
 00000219  49				DEC		ECX

 0000021A			_ReadyToCompute:
					; Prepare EAX and direction flag for number computation
 0000021A  B8 00000000			MOV		EAX, 0
 0000021F  FC				CLD

					; Compute number from user input string
 00000220			_ComputeNumber:
 00000220  BA 0000000A			MOV		EDX, 10
 00000225  F7 E2			MUL		EDX
 00000227  50				PUSH	EAX
 00000228  AC				LODSB
 00000229  2C 30			SUB		AL, 48
 0000022B  0F BE D8			MOVSX	EBX, AL
 0000022E  58				POP		EAX
 0000022F  03 C3			ADD		EAX, EBX

 00000231  E2 ED			LOOP	_ComputeNumber

					; Determine if number is negative and go to appropriate limit check
 00000233  80 7D FF 01			CMP		numIsNegative, 1
 00000237  74 07			JZ		_CheckMinLimit

 00000239			_CheckMaxLimit:
					; Check if number is above maximum value
 00000239  3B 45 14			CMP		EAX, [EBP+20]
 0000023C  70 19			JO		_NumberInvalid
 0000023E  EB 07			JMP		_NumberValid

 00000240			_CheckMinLimit:
					; Check if negative number is below minimum value
 00000240  F7 D8			NEG		EAX
 00000242  3B 45 18			CMP		EAX, [EBP+24]
 00000245  70 10			JO		_NumberInvalid

 00000247			_NumberValid:
					; Number is within SDWORD bounds, return isValid as 1
 00000247  8B 5D 10			MOV		EBX, [EBP+16]
 0000024A  C7 03 00000001		MOV		DWORD PTR [EBX], 1

					; Store number now that it is validated
 00000250  FC				CLD
 00000251  8B 7D 1C			MOV		EDI, [EBP+28]
 00000254  AB				STOSD

 00000255  EB 09			JMP		_ValidationComplete

 00000257			_NumberInvalid:
					; Number is outside SDWORD bounds, return isValid as 0
 00000257  8B 5D 10			MOV		EBX, [EBP+16]
 0000025A  C7 03 00000000		MOV		DWORD PTR [EBX], 0

 00000260			_ValidationComplete:
 00000260  61				POPAD
 00000261  C9		   *	    leave  
 00000262  C2 0018			RET		24
 00000265			ValidateNumber ENDP

				; ---------------------------------------------------------------------
				; Name: WriteVal
				;
				; Convert a numeric value into a string of ASCII digits and then display
				; the value to the console.
				;
				; Preconditions:	Buffer is a BYTE array, bufferSize is a DWORD.
				;					Number is a SDWORD. All three identifiers are
				;					initialized and number is validated. firstNumToShow
				;					is a DWORD containing a 1 if this is the first number
				;					to display to console, 0 if it is not the first.
				;
				; Postconditions:	Buffer contains reversed number as string of ASCII
				;					digits. bufferSize contains length of number.
				;
				; Receives:
				;		[EBP+8] = address of bufferSize for user input.
				;		[EBP+12] = address of buffer for user input.
				;		[EBP+16] = value of number.
				;		[EBP+20] = boolean value of firstNumToShow.
				;
				; Returns: None.
				; ---------------------------------------------------------------------
 00000265			WriteVal PROC
					LOCAL	numToWrite:SDWORD
					LOCAL	stringLength:BYTE
					LOCAL	numIsNegative:BYTE
 00000265  55		   *	    push   ebp
 00000266  8B EC	   *	    mov    ebp, esp
 00000268  83 C4 F8	   *	    add    esp, 0FFFFFFF8h
 0000026B  C6 45 FB 00			MOV		stringLength, 0
 0000026F  C6 45 FA 00			MOV		numIsNegative, 0
 00000273  60				PUSHAD

 00000274  8B 7D 0C			MOV		EDI, [EBP+12]			; Buffer to store ASCII digits
 00000277  8B 45 10			MOV		EAX, [EBP+16]			; Value of number to be converted
 0000027A  FC				CLD

					; Store number in local variable since EAX/EDX will be used for division
 0000027B  89 45 FC			MOV		numToWrite, EAX

					; Check number, and if negative, set numIsNegative boolean to true
 0000027E  83 F8 00			CMP		EAX, 0
 00000281  7D 08			JGE		_ConvertNumber
 00000283  F7 D8			NEG		EAX
 00000285  FE 45 FA			INC		BYTE PTR numIsNegative
 00000288  89 45 FC			MOV		numToWrite, EAX			; If negative, update numToWrite so value is positive

 0000028B			_ConvertNumber:
					; Strip off last digit using division and store in buffer
 0000028B  8B 45 FC			MOV		EAX, numToWrite
 0000028E  BB 0000000A			MOV		EBX, 10
 00000293  99				CDQ
 00000294  F7 F3			DIV		EBX
 00000296  50				PUSH	EAX
 00000297  8A C2			MOV		AL, DL
 00000299  04 30			ADD		AL, 48					; Convert back to ASCII character for number
 0000029B  AA				STOSB
 0000029C  FE 45 FB			INC		BYTE PTR stringLength
 0000029F  58				POP		EAX
 000002A0  89 45 FC			MOV		numToWrite, EAX
 000002A3  83 F8 00			CMP		EAX, 0
 000002A6  75 E3			JNZ		_ConvertNumber

					; Check if number is negative, and if so, add sign to end of string
 000002A8  80 7D FA 01			CMP		numIsNegative, 1
 000002AC  75 06			JNZ		_ConversionDone
 000002AE  B0 2D			MOV		AL, '-'
 000002B0  AA				STOSB
 000002B1  FE 45 FB			INC		BYTE PTR stringLength

 000002B4			_ConversionDone:
					; Add formatting to end of string for display to console if not the first number
 000002B4  8B 45 14			MOV		EAX, [EBP+20]
 000002B7  83 F8 01			CMP		EAX, 1
 000002BA  74 0A			JZ		_StringReadyToComplete
 000002BC  B0 20			MOV		AL, ' '
 000002BE  AA				STOSB
 000002BF  B0 2C			MOV		AL, ','
 000002C1  AA				STOSB
 000002C2  80 45 FB 02			ADD		BYTE PTR stringLength, 2

 000002C6			_StringReadyToComplete:
					; Add null terminator to end of string to complete it
 000002C6  B0 00			MOV		AL, 0
 000002C8  AA				STOSB

					; Update buffer size to length of string
 000002C9  0F B6 45 FB			MOVZX	EAX, stringLength
 000002CD  8B 75 08			MOV		ESI, [EBP+8]
 000002D0  89 06			MOV		[ESI], EAX

					; Check if number is single digit, and if so, it is ready to display
 000002D2  83 F8 01			CMP		EAX, 1
 000002D5  74 0A			JZ		_DisplayNumber

					; Number is populated as string of ASCII digits in reverse, so we
					; reverse the string to get the string to be displayed
 000002D7  FF 36			PUSH	[ESI]
 000002D9  FF 75 0C			PUSH	[EBP+12]
 000002DC  E8 00000011			CALL	ReverseString

 000002E1			_DisplayNumber:
					; Display number to console
 000002E1  8B 75 0C			MOV		ESI, [EBP+12]
					mDisplayString ESI
 000002E4  52		     1		PUSH	EDX
 000002E5  8B D6	     1		MOV		EDX, ESI
 000002E7  E8 00000000 E     1		CALL	WriteString
 000002EC  5A		     1		POP		EDX

 000002ED  61				POPAD
 000002EE  C9		   *	    leave  
 000002EF  C2 0010			RET		16
 000002F2			WriteVal ENDP

				; ---------------------------------------------------------------------
				; Name: ReverseString
				;
				; Reverses a string of ASCII digits that represents a number.
				;
				; Preconditions:	Buffer is a BYTE array and buffer size is a DWORD.
				;					Buffer contains a string of ASCII digits which
				;					represents a number. Buffer size contains the
				;					length of the string, which includes any sign.
				;
				; Postconditions: None.
				;
				; Receives:
				;		[EBP+8] = address of buffer for user input.
				;		[EBP+12] = value of buffer size for user input.
				;
				; Returns:
				;		Reversed string of ASCII digits representing a number.
				; ---------------------------------------------------------------------
 000002F2			ReverseString PROC
 000002F2  55				PUSH	EBP
 000002F3  8B EC			MOV		EBP, ESP
 000002F5  60				PUSHAD

					; To reverse the string in place, we use the two pointer technique
 000002F6  8B 7D 08			MOV		EDI, [EBP+8]
 000002F9  8B 75 08			MOV		ESI, [EBP+8]

					; EDI will track the beginning of the array, ESI tracks the end
 000002FC  03 75 0C			ADD		ESI, [EBP+12]
 000002FF  4E				DEC		ESI

					; To reverse the string, we will iterate through half the string
 00000300  8B 45 0C			MOV		EAX, [EBP+12]
 00000303  BB 00000002			MOV		EBX, 2
 00000308  99				CDQ
 00000309  F7 F3			DIV		EBX
 0000030B  8B C8			MOV		ECX, EAX
 0000030D			_ReverseDigits:
					; For each iteration, the first and last numbers are replaced
 0000030D  8A 07			MOV		BYTE PTR AL, [EDI]
 0000030F  8A 26			MOV		BYTE PTR AH, [ESI]
 00000311  88 27			MOV		[EDI], BYTE PTR AH
 00000313  88 06			MOV		[ESI], BYTE PTR AL

					; The front of the array (EDI) is then incremented by one
 00000315  47				INC		EDI

					; The back of the array (ESI) is then decremented by one
 00000316  4E				DEC		ESI

 00000317  E2 F4			LOOP	_ReverseDigits
					
 00000319  61				POPAD
 0000031A  5D				POP		EBP
 0000031B  C2 0008			RET		8
 0000031E			ReverseString ENDP

				; ---------------------------------------------------------------------
				; Name: CalculateSum
				;
				; Calculates the sum of the validated numbers entered by the user.
				;
				; Preconditions:	validatedNums is a SDWORD array initialized and
				;					populated with validated numbers for the entirety
				;					of its length. The length of the array is equal
				;					to the constant value NUMCOUNT. sumTotal is a
				;					SDWORD and is initialized.
				;
				; Postconditions: None.
				;
				; Receives:
				;		[EBP+8] = value of length of validatedNums array.
				;		[EBP+12] = address of array of validatedNums array.
				;		[EBP+16] = address of sumTotal to store results in.

				; Returns:
				;		Sum total of the numbers entered by the user in sumTotal.
				; ---------------------------------------------------------------------
 0000031E			CalculateSum PROC
 0000031E  55				PUSH	EBP
 0000031F  8B EC			MOV		EBP, ESP
 00000321  60				PUSHAD

					; Running sum will be stored in EAX, address of array in ESI
 00000322  B8 00000000			MOV		EAX, 0
 00000327  8B 75 0C			MOV		ESI, [EBP+12]

					; Length of validatedNums array will be used as loop counter
 0000032A  8B 4D 08			MOV		ECX, [EBP+8]
 0000032D			_AddNumberToSum:
					; Add current number to running total then go to next number
 0000032D  03 06			ADD		EAX, [ESI]
 0000032F  83 C6 04			ADD		ESI, 4

 00000332  E2 F9			LOOP	_AddNumberToSum

					; Store and return results
 00000334  8B 7D 10			MOV		EDI, [EBP+16]
 00000337  89 07			MOV		[EDI], EAX

 00000339  61				POPAD
 0000033A  5D				POP		EBP
 0000033B  C2 000C			RET		12
 0000033E			CalculateSum ENDP

				; ---------------------------------------------------------------------
				; Name: CalculateAverage
				;
				; Calculates the rounded average of the validated numbers entered by the
				; user.
				;
				; Preconditions:	sumTotal is a SDWORD and is populated with the sum
				;					total of the validated numbers. The number count is
				;					equal to the constant value NUMCOUNT. numAvg is a
				;					SDWORD and is initialized.
				;
				; Postconditions: None.
				;
				; Receives:
				;		[EBP+8] = value of number count.
				;		[EBP+12] = value of total sum of numbers.
				;		[EBP+16] = address of numAvg to store results in.

				; Returns:
				;		Rounded average of the numbers entered by the user in numAvg.
				; ---------------------------------------------------------------------
 0000033E			CalculateAverage PROC
 0000033E  55				PUSH	EBP
 0000033F  8B EC			MOV		EBP, ESP
 00000341  60				PUSHAD

					; Obtain rounded average by dividing sum total by count of numbers
 00000342  8B 45 0C			MOV		EAX, [EBP+12]
 00000345  8B 5D 08			MOV		EBX, [EBP+8]
 00000348  99				CDQ
 00000349  F7 FB			IDIV	EBX

					; Store and return results
 0000034B  8B 7D 10			MOV		EDI, [EBP+16]
 0000034E  89 07			MOV		[EDI], EAX

 00000350  61				POPAD
 00000351  5D				POP		EBP
 00000352  C2 000C			RET		12
 00000355			CalculateAverage ENDP

				END main
Microsoft (R) Macro Assembler Version 14.27.29112.0	    11/30/20 07:47:44
<Designing Low-Level I/O Procedures & Macros     (Proj6_thom  Symbols 2 - 1




Macros:

                N a m e                 Type

mDisplayString . . . . . . . . .	Proc
mGetString . . . . . . . . . . .	Proc


Structures and Unions:

                N a m e                  Size
                                         Offset      Type

CONSOLE_CURSOR_INFO  . . . . . .	 00000008
  dwSize . . . . . . . . . . . .	 00000000	 DWord
  bVisible . . . . . . . . . . .	 00000004	 DWord
CONSOLE_SCREEN_BUFFER_INFO . . .	 00000016
  dwSize . . . . . . . . . . . .	 00000000	 DWord
  dwCursorPosition . . . . . . .	 00000004	 DWord
  wAttributes  . . . . . . . . .	 00000008	 Word
  srWindow . . . . . . . . . . .	 0000000A	 QWord
  dwMaximumWindowSize  . . . . .	 00000012	 DWord
COORD  . . . . . . . . . . . . .	 00000004
  X  . . . . . . . . . . . . . .	 00000000	 Word
  Y  . . . . . . . . . . . . . .	 00000002	 Word
FILETIME . . . . . . . . . . . .	 00000008
  loDateTime . . . . . . . . . .	 00000000	 DWord
  hiDateTime . . . . . . . . . .	 00000004	 DWord
FOCUS_EVENT_RECORD . . . . . . .	 00000004
  bSetFocus  . . . . . . . . . .	 00000000	 DWord
FPU_ENVIRON  . . . . . . . . . .	 0000001C
  controlWord  . . . . . . . . .	 00000000	 Word
  statusWord . . . . . . . . . .	 00000004	 Word
  tagWord  . . . . . . . . . . .	 00000008	 Word
  instrPointerOffset . . . . . .	 0000000C	 DWord
  instrPointerSelector . . . . .	 00000010	 DWord
  operandPointerOffset . . . . .	 00000014	 DWord
  operandPointerSelector . . . .	 00000018	 Word
INPUT_RECORD . . . . . . . . . .	 00000014
  EventType  . . . . . . . . . .	 00000000	 Word
  Event  . . . . . . . . . . . .	 00000004	 XmmWord
  bKeyDown . . . . . . . . . . .	 00000000	 DWord
  wRepeatCount . . . . . . . . .	 00000004	 Word
  wVirtualKeyCode  . . . . . . .	 00000006	 Word
  wVirtualScanCode . . . . . . .	 00000008	 Word
  uChar  . . . . . . . . . . . .	 0000000A	 Word
  UnicodeChar  . . . . . . . . .	 00000000	 Word
  AsciiChar  . . . . . . . . . .	 00000000	 Byte
  dwControlKeyState  . . . . . .	 0000000C	 DWord
  dwMousePosition  . . . . . . .	 00000000	 DWord
  dwButtonState  . . . . . . . .	 00000004	 DWord
  dwMouseControlKeyState . . . .	 00000008	 DWord
  dwEventFlags . . . . . . . . .	 0000000C	 DWord
  dwSize . . . . . . . . . . . .	 00000000	 DWord
  dwCommandId  . . . . . . . . .	 00000000	 DWord
  bSetFocus  . . . . . . . . . .	 00000000	 DWord
KEY_EVENT_RECORD . . . . . . . .	 00000010
  bKeyDown . . . . . . . . . . .	 00000000	 DWord
  wRepeatCount . . . . . . . . .	 00000004	 Word
  wVirtualKeyCode  . . . . . . .	 00000006	 Word
  wVirtualScanCode . . . . . . .	 00000008	 Word
  uChar  . . . . . . . . . . . .	 0000000A	 Word
  UnicodeChar  . . . . . . . . .	 00000000	 Word
  AsciiChar  . . . . . . . . . .	 00000000	 Byte
  dwControlKeyState  . . . . . .	 0000000C	 DWord
MENU_EVENT_RECORD  . . . . . . .	 00000004
  dwCommandId  . . . . . . . . .	 00000000	 DWord
MOUSE_EVENT_RECORD . . . . . . .	 00000010
  dwMousePosition  . . . . . . .	 00000000	 DWord
  dwButtonState  . . . . . . . .	 00000004	 DWord
  dwMouseControlKeyState . . . .	 00000008	 DWord
  dwEventFlags . . . . . . . . .	 0000000C	 DWord
SMALL_RECT . . . . . . . . . . .	 00000008
  Left . . . . . . . . . . . . .	 00000000	 Word
  Top  . . . . . . . . . . . . .	 00000002	 Word
  Right  . . . . . . . . . . . .	 00000004	 Word
  Bottom . . . . . . . . . . . .	 00000006	 Word
SYSTEMTIME . . . . . . . . . . .	 00000010
  wYear  . . . . . . . . . . . .	 00000000	 Word
  wMonth . . . . . . . . . . . .	 00000002	 Word
  wDayOfWeek . . . . . . . . . .	 00000004	 Word
  wDay . . . . . . . . . . . . .	 00000006	 Word
  wHour  . . . . . . . . . . . .	 00000008	 Word
  wMinute  . . . . . . . . . . .	 0000000A	 Word
  wSecond  . . . . . . . . . . .	 0000000C	 Word
  wMilliseconds  . . . . . . . .	 0000000E	 Word
WINDOW_BUFFER_SIZE_RECORD  . . .	 00000004
  dwSize . . . . . . . . . . . .	 00000000	 DWord


Segments and Groups:

                N a m e                 Size     Length   Align   Combine Class

FLAT . . . . . . . . . . . . . .	GROUP
STACK  . . . . . . . . . . . . .	32 Bit	 00001000 Para	  Stack	  'STACK'	 
_DATA  . . . . . . . . . . . . .	32 Bit	 000002BB Para	  Public  'DATA'	
_TEXT  . . . . . . . . . . . . .	32 Bit	 00000355 Para	  Public  'CODE'	


Procedures, parameters, and locals:

                N a m e                 Type     Value    Attr

CalculateAverage . . . . . . . .	P Near	 0000033E _TEXT	Length= 00000017 Public STDCALL
CalculateSum . . . . . . . . . .	P Near	 0000031E _TEXT	Length= 00000020 Public STDCALL
  _AddNumberToSum  . . . . . . .	L Near	 0000032D _TEXT	
CloseFile  . . . . . . . . . . .	P Near	 00000000 FLAT	Length= 00000000 External STDCALL
CloseHandle  . . . . . . . . . .	P Near	 00000000 FLAT	Length= 00000000 External STDCALL
Clrscr . . . . . . . . . . . . .	P Near	 00000000 FLAT	Length= 00000000 External STDCALL
CreateFileA  . . . . . . . . . .	P Near	 00000000 FLAT	Length= 00000000 External STDCALL
CreateOutputFile . . . . . . . .	P Near	 00000000 FLAT	Length= 00000000 External STDCALL
Crlf . . . . . . . . . . . . . .	P Near	 00000000 FLAT	Length= 00000000 External STDCALL
Delay  . . . . . . . . . . . . .	P Near	 00000000 FLAT	Length= 00000000 External STDCALL
DumpMem  . . . . . . . . . . . .	P Near	 00000000 FLAT	Length= 00000000 External STDCALL
DumpRegs . . . . . . . . . . . .	P Near	 00000000 FLAT	Length= 00000000 External STDCALL
ExitProcess  . . . . . . . . . .	P Near	 00000000 FLAT	Length= 00000000 External STDCALL
FileTimeToDosDateTime  . . . . .	P Near	 00000000 FLAT	Length= 00000000 External STDCALL
FileTimeToSystemTime . . . . . .	P Near	 00000000 FLAT	Length= 00000000 External STDCALL
FlushConsoleInputBuffer  . . . .	P Near	 00000000 FLAT	Length= 00000000 External STDCALL
FormatMessageA . . . . . . . . .	P Near	 00000000 FLAT	Length= 00000000 External STDCALL
GetCommandLineA  . . . . . . . .	P Near	 00000000 FLAT	Length= 00000000 External STDCALL
GetCommandTail . . . . . . . . .	P Near	 00000000 FLAT	Length= 00000000 External STDCALL
GetConsoleCP . . . . . . . . . .	P Near	 00000000 FLAT	Length= 00000000 External STDCALL
GetConsoleCursorInfo . . . . . .	P Near	 00000000 FLAT	Length= 00000000 External STDCALL
GetConsoleMode . . . . . . . . .	P Near	 00000000 FLAT	Length= 00000000 External STDCALL
GetConsoleScreenBufferInfo . . .	P Near	 00000000 FLAT	Length= 00000000 External STDCALL
GetDateTime  . . . . . . . . . .	P Near	 00000000 FLAT	Length= 00000000 External STDCALL
GetFileTime  . . . . . . . . . .	P Near	 00000000 FLAT	Length= 00000000 External STDCALL
GetKeyState  . . . . . . . . . .	P Near	 00000000 FLAT	Length= 00000000 External STDCALL
GetLastError . . . . . . . . . .	P Near	 00000000 FLAT	Length= 00000000 External STDCALL
GetLocalTime . . . . . . . . . .	P Near	 00000000 FLAT	Length= 00000000 External STDCALL
GetMaxXY . . . . . . . . . . . .	P Near	 00000000 FLAT	Length= 00000000 External STDCALL
GetMseconds  . . . . . . . . . .	P Near	 00000000 FLAT	Length= 00000000 External STDCALL
GetNumberOfConsoleInputEvents  .	P Near	 00000000 FLAT	Length= 00000000 External STDCALL
GetProcessHeap . . . . . . . . .	P Near	 00000000 FLAT	Length= 00000000 External STDCALL
GetStdHandle . . . . . . . . . .	P Near	 00000000 FLAT	Length= 00000000 External STDCALL
GetSystemTime  . . . . . . . . .	P Near	 00000000 FLAT	Length= 00000000 External STDCALL
GetTextColor . . . . . . . . . .	P Near	 00000000 FLAT	Length= 00000000 External STDCALL
GetTickCount . . . . . . . . . .	P Near	 00000000 FLAT	Length= 00000000 External STDCALL
Gotoxy . . . . . . . . . . . . .	P Near	 00000000 FLAT	Length= 00000000 External STDCALL
HeapAlloc  . . . . . . . . . . .	P Near	 00000000 FLAT	Length= 00000000 External STDCALL
HeapCreate . . . . . . . . . . .	P Near	 00000000 FLAT	Length= 00000000 External STDCALL
HeapDestroy  . . . . . . . . . .	P Near	 00000000 FLAT	Length= 00000000 External STDCALL
HeapFree . . . . . . . . . . . .	P Near	 00000000 FLAT	Length= 00000000 External STDCALL
HeapSize . . . . . . . . . . . .	P Near	 00000000 FLAT	Length= 00000000 External STDCALL
IsDigit  . . . . . . . . . . . .	P Near	 00000000 FLAT	Length= 00000000 External STDCALL
LocalFree  . . . . . . . . . . .	P Near	 00000000 FLAT	Length= 00000000 External STDCALL
MessageBoxA  . . . . . . . . . .	P Near	 00000000 FLAT	Length= 00000000 External STDCALL
MsgBoxAsk  . . . . . . . . . . .	P Near	 00000000 FLAT	Length= 00000000 External STDCALL
MsgBox . . . . . . . . . . . . .	P Near	 00000000 FLAT	Length= 00000000 External STDCALL
OpenInputFile  . . . . . . . . .	P Near	 00000000 FLAT	Length= 00000000 External STDCALL
ParseDecimal32 . . . . . . . . .	P Near	 00000000 FLAT	Length= 00000000 External STDCALL
ParseInteger32 . . . . . . . . .	P Near	 00000000 FLAT	Length= 00000000 External STDCALL
PeekConsoleInputA  . . . . . . .	P Near	 00000000 FLAT	Length= 00000000 External STDCALL
Random32 . . . . . . . . . . . .	P Near	 00000000 FLAT	Length= 00000000 External STDCALL
RandomRange  . . . . . . . . . .	P Near	 00000000 FLAT	Length= 00000000 External STDCALL
Randomize  . . . . . . . . . . .	P Near	 00000000 FLAT	Length= 00000000 External STDCALL
ReadChar . . . . . . . . . . . .	P Near	 00000000 FLAT	Length= 00000000 External STDCALL
ReadConsoleA . . . . . . . . . .	P Near	 00000000 FLAT	Length= 00000000 External STDCALL
ReadConsoleInputA  . . . . . . .	P Near	 00000000 FLAT	Length= 00000000 External STDCALL
ReadDec  . . . . . . . . . . . .	P Near	 00000000 FLAT	Length= 00000000 External STDCALL
ReadFile . . . . . . . . . . . .	P Near	 00000000 FLAT	Length= 00000000 External STDCALL
ReadFloat  . . . . . . . . . . .	P Near	 00000000 FLAT	Length= 00000000 External STDCALL
ReadFromFile . . . . . . . . . .	P Near	 00000000 FLAT	Length= 00000000 External STDCALL
ReadHex  . . . . . . . . . . . .	P Near	 00000000 FLAT	Length= 00000000 External STDCALL
ReadInt  . . . . . . . . . . . .	P Near	 00000000 FLAT	Length= 00000000 External STDCALL
ReadKeyFlush . . . . . . . . . .	P Near	 00000000 FLAT	Length= 00000000 External STDCALL
ReadKey  . . . . . . . . . . . .	P Near	 00000000 FLAT	Length= 00000000 External STDCALL
ReadString . . . . . . . . . . .	P Near	 00000000 FLAT	Length= 00000000 External STDCALL
ReadVal  . . . . . . . . . . . .	P Near	 0000013D _TEXT	Length= 00000072 Public STDCALL
  _GetNumber . . . . . . . . . .	L Near	 00000141 _TEXT	
  _CheckNumberSize . . . . . . .	L Near	 0000017E _TEXT	
  _DoneReadingValue  . . . . . .	L Near	 000001AA _TEXT	
ReverseString  . . . . . . . . .	P Near	 000002F2 _TEXT	Length= 0000002C Public STDCALL
  _ReverseDigits . . . . . . . .	L Near	 0000030D _TEXT	
SetConsoleCursorInfo . . . . . .	P Near	 00000000 FLAT	Length= 00000000 External STDCALL
SetConsoleCursorPosition . . . .	P Near	 00000000 FLAT	Length= 00000000 External STDCALL
SetConsoleMode . . . . . . . . .	P Near	 00000000 FLAT	Length= 00000000 External STDCALL
SetConsoleScreenBufferSize . . .	P Near	 00000000 FLAT	Length= 00000000 External STDCALL
SetConsoleTextAttribute  . . . .	P Near	 00000000 FLAT	Length= 00000000 External STDCALL
SetConsoleTitleA . . . . . . . .	P Near	 00000000 FLAT	Length= 00000000 External STDCALL
SetConsoleWindowInfo . . . . . .	P Near	 00000000 FLAT	Length= 00000000 External STDCALL
SetFilePointer . . . . . . . . .	P Near	 00000000 FLAT	Length= 00000000 External STDCALL
SetLocalTime . . . . . . . . . .	P Near	 00000000 FLAT	Length= 00000000 External STDCALL
SetTextColor . . . . . . . . . .	P Near	 00000000 FLAT	Length= 00000000 External STDCALL
ShowFPUStack . . . . . . . . . .	P Near	 00000000 FLAT	Length= 00000000 External STDCALL
Sleep  . . . . . . . . . . . . .	P Near	 00000000 FLAT	Length= 00000000 External STDCALL
StrLength  . . . . . . . . . . .	P Near	 00000000 FLAT	Length= 00000000 External STDCALL
Str_compare  . . . . . . . . . .	P Near	 00000000 FLAT	Length= 00000000 External STDCALL
Str_copy . . . . . . . . . . . .	P Near	 00000000 FLAT	Length= 00000000 External STDCALL
Str_length . . . . . . . . . . .	P Near	 00000000 FLAT	Length= 00000000 External STDCALL
Str_trim . . . . . . . . . . . .	P Near	 00000000 FLAT	Length= 00000000 External STDCALL
Str_ucase  . . . . . . . . . . .	P Near	 00000000 FLAT	Length= 00000000 External STDCALL
SystemTimeToFileTime . . . . . .	P Near	 00000000 FLAT	Length= 00000000 External STDCALL
ValidateInput  . . . . . . . . .	P Near	 000001AF _TEXT	Length= 0000003F Public STDCALL
  _CheckUserInput  . . . . . . .	L Near	 000001C4 _TEXT	
  _CheckSignPass . . . . . . . .	L Near	 000001CD _TEXT	
  _CheckSign . . . . . . . . . .	L Near	 000001D1 _TEXT	
  _ValidationFail  . . . . . . .	L Near	 000001DB _TEXT	
  _ValidationSuccess . . . . . .	L Near	 000001E3 _TEXT	
  _ValidationDone  . . . . . . .	L Near	 000001E9 _TEXT	
ValidateNumber . . . . . . . . .	P Near	 000001EE _TEXT	Length= 00000077 Public STDCALL
  numIsNegative  . . . . . . . .	Byte	 bp - 00000001
  _PositiveSign  . . . . . . . .	L Near	 0000020D _TEXT	
  _NegativeSign  . . . . . . . .	L Near	 00000213 _TEXT	
  _ReadyToCompute  . . . . . . .	L Near	 0000021A _TEXT	
  _ComputeNumber . . . . . . . .	L Near	 00000220 _TEXT	
  _CheckMaxLimit . . . . . . . .	L Near	 00000239 _TEXT	
  _CheckMinLimit . . . . . . . .	L Near	 00000240 _TEXT	
  _NumberValid . . . . . . . . .	L Near	 00000247 _TEXT	
  _NumberInvalid . . . . . . . .	L Near	 00000257 _TEXT	
  _ValidationComplete  . . . . .	L Near	 00000260 _TEXT	
WaitMsg  . . . . . . . . . . . .	P Near	 00000000 FLAT	Length= 00000000 External STDCALL
WriteBinB  . . . . . . . . . . .	P Near	 00000000 FLAT	Length= 00000000 External STDCALL
WriteBin . . . . . . . . . . . .	P Near	 00000000 FLAT	Length= 00000000 External STDCALL
WriteChar  . . . . . . . . . . .	P Near	 00000000 FLAT	Length= 00000000 External STDCALL
WriteConsoleA  . . . . . . . . .	P Near	 00000000 FLAT	Length= 00000000 External STDCALL
WriteConsoleOutputAttribute  . .	P Near	 00000000 FLAT	Length= 00000000 External STDCALL
WriteConsoleOutputCharacterA . .	P Near	 00000000 FLAT	Length= 00000000 External STDCALL
WriteDec . . . . . . . . . . . .	P Near	 00000000 FLAT	Length= 00000000 External STDCALL
WriteFile  . . . . . . . . . . .	P Near	 00000000 FLAT	Length= 00000000 External STDCALL
WriteFloat . . . . . . . . . . .	P Near	 00000000 FLAT	Length= 00000000 External STDCALL
WriteHexB  . . . . . . . . . . .	P Near	 00000000 FLAT	Length= 00000000 External STDCALL
WriteHex . . . . . . . . . . . .	P Near	 00000000 FLAT	Length= 00000000 External STDCALL
WriteInt . . . . . . . . . . . .	P Near	 00000000 FLAT	Length= 00000000 External STDCALL
WriteStackFrameName  . . . . . .	P Near	 00000000 FLAT	Length= 00000000 External STDCALL
WriteStackFrame  . . . . . . . .	P Near	 00000000 FLAT	Length= 00000000 External STDCALL
WriteString  . . . . . . . . . .	P Near	 00000000 FLAT	Length= 00000000 External STDCALL
WriteToFile  . . . . . . . . . .	P Near	 00000000 FLAT	Length= 00000000 External STDCALL
WriteVal . . . . . . . . . . . .	P Near	 00000265 _TEXT	Length= 0000008D Public STDCALL
  numToWrite . . . . . . . . . .	DWord	 bp - 00000004
  stringLength . . . . . . . . .	Byte	 bp - 00000005
  numIsNegative  . . . . . . . .	Byte	 bp - 00000006
  _ConvertNumber . . . . . . . .	L Near	 0000028B _TEXT	
  _ConversionDone  . . . . . . .	L Near	 000002B4 _TEXT	
  _StringReadyToComplete . . . .	L Near	 000002C6 _TEXT	
  _DisplayNumber . . . . . . . .	L Near	 000002E1 _TEXT	
WriteWindowsMsg  . . . . . . . .	P Near	 00000000 FLAT	Length= 00000000 External STDCALL
main . . . . . . . . . . . . . .	P Near	 00000000 _TEXT	Length= 0000013D Public STDCALL
  _GetValue  . . . . . . . . . .	L Near	 00000011 _TEXT	
  _WriteValue  . . . . . . . . .	L Near	 00000066 _TEXT	
  _ShowNumber  . . . . . . . . .	L Near	 0000008C _TEXT	
printf . . . . . . . . . . . . .	P Near	 00000000 FLAT	Length= 00000000 External C
scanf  . . . . . . . . . . . . .	P Near	 00000000 FLAT	Length= 00000000 External C
wsprintfA  . . . . . . . . . . .	P Near	 00000000 FLAT	Length= 00000000 External C


Symbols:

                N a m e                 Type     Value    Attr

@CodeSize  . . . . . . . . . . .	Number	 00000000h   
@DataSize  . . . . . . . . . . .	Number	 00000000h   
@Interface . . . . . . . . . . .	Number	 00000003h   
@Model . . . . . . . . . . . . .	Number	 00000007h   
@code  . . . . . . . . . . . . .	Text   	 _TEXT
@data  . . . . . . . . . . . . .	Text   	 FLAT
@fardata?  . . . . . . . . . . .	Text   	 FLAT
@fardata . . . . . . . . . . . .	Text   	 FLAT
@stack . . . . . . . . . . . . .	Text   	 FLAT
ALT_MASK . . . . . . . . . . . .	Number	 00000003h   
CAPSLOCK_ON  . . . . . . . . . .	Number	 00000080h   
CREATE_ALWAYS  . . . . . . . . .	Number	 00000002h   
CREATE_NEW . . . . . . . . . . .	Number	 00000001h   
CTRL_MASK  . . . . . . . . . . .	Number	 0000000Ch   
CreateFile . . . . . . . . . . .	Text   	 CreateFileA
DO_NOT_SHARE . . . . . . . . . .	Number	 00000000h   
ENABLE_ECHO_INPUT  . . . . . . .	Number	 00000004h   
ENABLE_LINE_INPUT  . . . . . . .	Number	 00000002h   
ENABLE_MOUSE_INPUT . . . . . . .	Number	 00000010h   
ENABLE_PROCESSED_INPUT . . . . .	Number	 00000001h   
ENABLE_PROCESSED_OUTPUT  . . . .	Number	 00000001h   
ENABLE_WINDOW_INPUT  . . . . . .	Number	 00000008h   
ENABLE_WRAP_AT_EOL_OUTPUT  . . .	Number	 00000002h   
ENHANCED_KEY . . . . . . . . . .	Number	 00000100h   
FALSE  . . . . . . . . . . . . .	Number	 00000000h   
FILE_APPEND_DATA . . . . . . . .	Number	 00000004h   
FILE_ATTRIBUTE_ARCHIVE . . . . .	Number	 00000020h   
FILE_ATTRIBUTE_COMPRESSED  . . .	Number	 00000800h   
FILE_ATTRIBUTE_DEVICE  . . . . .	Number	 00000040h   
FILE_ATTRIBUTE_DIRECTORY . . . .	Number	 00000010h   
FILE_ATTRIBUTE_ENCRYPTED . . . .	Number	 00004000h   
FILE_ATTRIBUTE_HIDDEN  . . . . .	Number	 00000002h   
FILE_ATTRIBUTE_NORMAL  . . . . .	Number	 00000080h   
FILE_ATTRIBUTE_NOT_CONTENT_INDEXED .	Number	 00002000h   
FILE_ATTRIBUTE_OFFLINE . . . . .	Number	 00001000h   
FILE_ATTRIBUTE_READONLY  . . . .	Number	 00000001h   
FILE_ATTRIBUTE_REPARSE_POINT . .	Number	 00000400h   
FILE_ATTRIBUTE_SPARSE_FILE . . .	Number	 00000200h   
FILE_ATTRIBUTE_SYSTEM  . . . . .	Number	 00000004h   
FILE_ATTRIBUTE_TEMPORARY . . . .	Number	 00000100h   
FILE_BEGIN . . . . . . . . . . .	Number	 00000000h   
FILE_CURRENT . . . . . . . . . .	Number	 00000001h   
FILE_DELETE_CHILD  . . . . . . .	Number	 00000040h   
FILE_END . . . . . . . . . . . .	Number	 00000002h   
FILE_READ_DATA . . . . . . . . .	Number	 00000001h   
FILE_SHARE_DELETE  . . . . . . .	Number	 00000004h   
FILE_SHARE_READ  . . . . . . . .	Number	 00000001h   
FILE_SHARE_WRITE . . . . . . . .	Number	 00000002h   
FILE_WRITE_DATA  . . . . . . . .	Number	 00000002h   
FOCUS_EVENT  . . . . . . . . . .	Number	 00000010h   
FORMAT_MESSAGE_ALLOCATE_BUFFER .	Number	 00000100h   
FORMAT_MESSAGE_FROM_SYSTEM . . .	Number	 00001000h   
FormatMessage  . . . . . . . . .	Text   	 FormatMessageA
GENERIC_ALL  . . . . . . . . . .	Number	 10000000h   
GENERIC_EXECUTE  . . . . . . . .	Number	 20000000h   
GENERIC_READ . . . . . . . . . .	Number	 -80000000h   
GENERIC_WRITE  . . . . . . . . .	Number	 40000000h   
GetCommandLine . . . . . . . . .	Text   	 GetCommandLineA
HANDLE . . . . . . . . . . . . .	Text   	 DWORD
HEAP_GENERATE_EXCEPTIONS . . . .	Number	 00000004h   
HEAP_GROWABLE  . . . . . . . . .	Number	 00000002h   
HEAP_NO_SERIALIZE  . . . . . . .	Number	 00000001h   
HEAP_REALLOC_IN_PLACE_ONLY . . .	Number	 00000010h   
HEAP_ZERO_MEMORY . . . . . . . .	Number	 00000008h   
IDABORT  . . . . . . . . . . . .	Number	 00000003h   
IDCANCEL . . . . . . . . . . . .	Number	 00000002h   
IDCLOSE  . . . . . . . . . . . .	Number	 00000008h   
IDCONTINUE . . . . . . . . . . .	Number	 0000000Bh   
IDHELP . . . . . . . . . . . . .	Number	 00000009h   
IDIGNORE . . . . . . . . . . . .	Number	 00000005h   
IDNO . . . . . . . . . . . . . .	Number	 00000007h   
IDOK . . . . . . . . . . . . . .	Number	 00000001h   
IDRETRY  . . . . . . . . . . . .	Number	 00000004h   
IDTIMEOUT  . . . . . . . . . . .	Number	 00007D00h   
IDTRYAGAIN . . . . . . . . . . .	Number	 0000000Ah   
IDYES  . . . . . . . . . . . . .	Number	 00000006h   
INVALID_HANDLE_VALUE . . . . . .	Number	 -00000001h   
KBDOWN_FLAG  . . . . . . . . . .	Number	 00000001h   
KEY_EVENT  . . . . . . . . . . .	Number	 00000001h   
KEY_MASKS  . . . . . . . . . . .	Number	 0000001Fh   
LEFT_ALT_PRESSED . . . . . . . .	Number	 00000002h   
LEFT_CTRL_PRESSED  . . . . . . .	Number	 00000008h   
MAXBUFFERSIZE  . . . . . . . . .	Number	 0000000Eh   
MAXVALIDVAL  . . . . . . . . . .	Number	 7FFFFFFFh   
MB_ABORTRETRYIGNORE  . . . . . .	Number	 00000002h   
MB_APPLMODAL . . . . . . . . . .	Number	 00000000h   
MB_CANCELTRYCONTINUE . . . . . .	Number	 00000006h   
MB_DEFBUTTON1  . . . . . . . . .	Number	 00000000h   
MB_DEFBUTTON2  . . . . . . . . .	Number	 00000100h   
MB_DEFBUTTON3  . . . . . . . . .	Number	 00000200h   
MB_DEFBUTTON4  . . . . . . . . .	Number	 00000300h   
MB_HELP  . . . . . . . . . . . .	Number	 00004000h   
MB_ICONASTERISK  . . . . . . . .	Number	 00000040h   
MB_ICONERROR . . . . . . . . . .	Number	 00000010h   
MB_ICONEXCLAMATION . . . . . . .	Number	 00000030h   
MB_ICONHAND  . . . . . . . . . .	Number	 00000010h   
MB_ICONINFORMATION . . . . . . .	Number	 00000040h   
MB_ICONQUESTION  . . . . . . . .	Number	 00000020h   
MB_ICONSTOP  . . . . . . . . . .	Number	 00000010h   
MB_ICONWARNING . . . . . . . . .	Number	 00000030h   
MB_OKCANCEL  . . . . . . . . . .	Number	 00000001h   
MB_OK  . . . . . . . . . . . . .	Number	 00000000h   
MB_RETRYCANCEL . . . . . . . . .	Number	 00000005h   
MB_SYSTEMMODAL . . . . . . . . .	Number	 00001000h   
MB_TASKMODAL . . . . . . . . . .	Number	 00002000h   
MB_USERICON  . . . . . . . . . .	Number	 00000080h   
MB_YESNOCANCEL . . . . . . . . .	Number	 00000003h   
MB_YESNO . . . . . . . . . . . .	Number	 00000004h   
MENU_EVENT . . . . . . . . . . .	Number	 00000008h   
MINVALIDVAL  . . . . . . . . . .	Number	 -80000000h   
MOUSE_EVENT  . . . . . . . . . .	Number	 00000002h   
MessageBox . . . . . . . . . . .	Text   	 MessageBoxA
NULL . . . . . . . . . . . . . .	Number	 00000000h   
NUMCOUNT . . . . . . . . . . . .	Number	 0000000Ah   
NUMLOCK_ON . . . . . . . . . . .	Number	 00000020h   
OPEN_ALWAYS  . . . . . . . . . .	Number	 00000004h   
OPEN_EXISTING  . . . . . . . . .	Number	 00000003h   
PeekConsoleInput . . . . . . . .	Text   	 PeekConsoleInputA
RIGHT_ALT_PRESSED  . . . . . . .	Number	 00000001h   
RIGHT_CTRL_PRESSED . . . . . . .	Number	 00000004h   
ReadConsoleInput . . . . . . . .	Text   	 ReadConsoleInputA
ReadConsole  . . . . . . . . . .	Text   	 ReadConsoleA
SCROLLLOCK_ON  . . . . . . . . .	Number	 00000040h   
SHIFT_MASK . . . . . . . . . . .	Number	 00000010h   
SHIFT_PRESSED  . . . . . . . . .	Number	 00000010h   
STD_ERROR_HANDLE . . . . . . . .	Number	 -0000000Ch   
STD_INPUT_HANDLE . . . . . . . .	Number	 -0000000Ah   
STD_OUTPUT_HANDLE  . . . . . . .	Number	 -0000000Bh   
SetConsoleTitle  . . . . . . . .	Text   	 SetConsoleTitleA
TAB  . . . . . . . . . . . . . .	Number	 00000009h   
TRUE . . . . . . . . . . . . . .	Number	 00000001h   
TRUNCATE_EXISTING  . . . . . . .	Number	 00000005h   
VK_11  . . . . . . . . . . . . .	Number	 000000BDh   
VK_12  . . . . . . . . . . . . .	Number	 000000BBh   
VK_ADD . . . . . . . . . . . . .	Number	 0000006Bh   
VK_BACK  . . . . . . . . . . . .	Number	 00000008h   
VK_CANCEL  . . . . . . . . . . .	Number	 00000003h   
VK_CAPITAL . . . . . . . . . . .	Number	 00000014h   
VK_CLEAR . . . . . . . . . . . .	Number	 0000000Ch   
VK_CONTROL . . . . . . . . . . .	Number	 00000011h   
VK_DECIMAL . . . . . . . . . . .	Number	 0000006Eh   
VK_DELETE  . . . . . . . . . . .	Number	 0000002Eh   
VK_DIVIDE  . . . . . . . . . . .	Number	 0000006Fh   
VK_DOWN  . . . . . . . . . . . .	Number	 00000028h   
VK_END . . . . . . . . . . . . .	Number	 00000023h   
VK_ESCAPE  . . . . . . . . . . .	Number	 0000001Bh   
VK_EXECUTE . . . . . . . . . . .	Number	 0000002Bh   
VK_F10 . . . . . . . . . . . . .	Number	 00000079h   
VK_F11 . . . . . . . . . . . . .	Number	 0000007Ah   
VK_F12 . . . . . . . . . . . . .	Number	 0000007Bh   
VK_F13 . . . . . . . . . . . . .	Number	 0000007Ch   
VK_F14 . . . . . . . . . . . . .	Number	 0000007Dh   
VK_F15 . . . . . . . . . . . . .	Number	 0000007Eh   
VK_F16 . . . . . . . . . . . . .	Number	 0000007Fh   
VK_F17 . . . . . . . . . . . . .	Number	 00000080h   
VK_F18 . . . . . . . . . . . . .	Number	 00000081h   
VK_F19 . . . . . . . . . . . . .	Number	 00000082h   
VK_F1  . . . . . . . . . . . . .	Number	 00000070h   
VK_F20 . . . . . . . . . . . . .	Number	 00000083h   
VK_F21 . . . . . . . . . . . . .	Number	 00000084h   
VK_F22 . . . . . . . . . . . . .	Number	 00000085h   
VK_F23 . . . . . . . . . . . . .	Number	 00000086h   
VK_F24 . . . . . . . . . . . . .	Number	 00000087h   
VK_F2  . . . . . . . . . . . . .	Number	 00000071h   
VK_F3  . . . . . . . . . . . . .	Number	 00000072h   
VK_F4  . . . . . . . . . . . . .	Number	 00000073h   
VK_F5  . . . . . . . . . . . . .	Number	 00000074h   
VK_F6  . . . . . . . . . . . . .	Number	 00000075h   
VK_F7  . . . . . . . . . . . . .	Number	 00000076h   
VK_F8  . . . . . . . . . . . . .	Number	 00000077h   
VK_F9  . . . . . . . . . . . . .	Number	 00000078h   
VK_HELP  . . . . . . . . . . . .	Number	 0000002Fh   
VK_HOME  . . . . . . . . . . . .	Number	 00000024h   
VK_INSERT  . . . . . . . . . . .	Number	 0000002Dh   
VK_LBUTTON . . . . . . . . . . .	Number	 00000001h   
VK_LCONTROL  . . . . . . . . . .	Number	 000000A2h   
VK_LEFT  . . . . . . . . . . . .	Number	 00000025h   
VK_LMENU . . . . . . . . . . . .	Number	 000000A4h   
VK_LSHIFT  . . . . . . . . . . .	Number	 000000A0h   
VK_MENU  . . . . . . . . . . . .	Number	 00000012h   
VK_MULTIPLY  . . . . . . . . . .	Number	 0000006Ah   
VK_NEXT  . . . . . . . . . . . .	Number	 00000022h   
VK_NUMLOCK . . . . . . . . . . .	Number	 00000090h   
VK_NUMPAD0 . . . . . . . . . . .	Number	 00000060h   
VK_NUMPAD1 . . . . . . . . . . .	Number	 00000061h   
VK_NUMPAD2 . . . . . . . . . . .	Number	 00000062h   
VK_NUMPAD3 . . . . . . . . . . .	Number	 00000063h   
VK_NUMPAD4 . . . . . . . . . . .	Number	 00000064h   
VK_NUMPAD5 . . . . . . . . . . .	Number	 00000065h   
VK_NUMPAD6 . . . . . . . . . . .	Number	 00000066h   
VK_NUMPAD7 . . . . . . . . . . .	Number	 00000067h   
VK_NUMPAD8 . . . . . . . . . . .	Number	 00000068h   
VK_NUMPAD9 . . . . . . . . . . .	Number	 00000069h   
VK_PAUSE . . . . . . . . . . . .	Number	 00000013h   
VK_PRINT . . . . . . . . . . . .	Number	 0000002Ah   
VK_PRIOR . . . . . . . . . . . .	Number	 00000021h   
VK_RBUTTON . . . . . . . . . . .	Number	 00000002h   
VK_RCONTROL  . . . . . . . . . .	Number	 000000A3h   
VK_RETURN  . . . . . . . . . . .	Number	 0000000Dh   
VK_RIGHT . . . . . . . . . . . .	Number	 00000027h   
VK_RMENU . . . . . . . . . . . .	Number	 000000A5h   
VK_RSHIFT  . . . . . . . . . . .	Number	 000000A1h   
VK_SCROLL  . . . . . . . . . . .	Number	 00000091h   
VK_SEPARATER . . . . . . . . . .	Number	 0000006Ch   
VK_SHIFT . . . . . . . . . . . .	Number	 00000010h   
VK_SNAPSHOT  . . . . . . . . . .	Number	 0000002Ch   
VK_SPACE . . . . . . . . . . . .	Number	 00000020h   
VK_SUBTRACT  . . . . . . . . . .	Number	 0000006Dh   
VK_TAB . . . . . . . . . . . . .	Number	 00000009h   
VK_UP  . . . . . . . . . . . . .	Number	 00000026h   
WINDOW_BUFFER_SIZE_EVENT . . . .	Number	 00000004h   
WriteConsoleOutputCharacter  . .	Text   	 WriteConsoleOutputCharacterA
WriteConsole . . . . . . . . . .	Text   	 WriteConsoleA
black  . . . . . . . . . . . . .	Number	 00000000h   
blue . . . . . . . . . . . . . .	Number	 00000001h   
brown  . . . . . . . . . . . . .	Number	 00000006h   
bufferSize . . . . . . . . . . .	DWord	 00000283 _DATA	
buffer . . . . . . . . . . . . .	Byte	 00000271 _DATA	
cyan . . . . . . . . . . . . . .	Number	 00000003h   
errorMessage . . . . . . . . . .	Byte	 00000192 _DATA	
exit . . . . . . . . . . . . . .	Text   	 INVOKE ExitProcess,0
firstNumToShow . . . . . . . . .	DWord	 0000027F _DATA	
goodbyeMessage . . . . . . . . .	Byte	 00000132 _DATA	
gray . . . . . . . . . . . . . .	Number	 00000008h   
green  . . . . . . . . . . . . .	Number	 00000002h   
introMessage . . . . . . . . . .	Byte	 00000000 _DATA	
isNumberValid  . . . . . . . . .	DWord	 00000287 _DATA	
lightBlue  . . . . . . . . . . .	Number	 00000009h   
lightCyan  . . . . . . . . . . .	Number	 0000000Bh   
lightGray  . . . . . . . . . . .	Number	 00000007h   
lightGreen . . . . . . . . . . .	Number	 0000000Ah   
lightMagenta . . . . . . . . . .	Number	 0000000Dh   
lightRed . . . . . . . . . . . .	Number	 0000000Ch   
magenta  . . . . . . . . . . . .	Number	 00000005h   
numAvg . . . . . . . . . . . . .	DWord	 000002B7 _DATA	
numberPrompt . . . . . . . . . .	Byte	 00000173 _DATA	
red  . . . . . . . . . . . . . .	Number	 00000004h   
resultPrompt1  . . . . . . . . .	Byte	 00000202 _DATA	
roundedAvgMsg  . . . . . . . . .	Byte	 00000243 _DATA	
sumTotalMsg  . . . . . . . . . .	Byte	 00000221 _DATA	
sumTotal . . . . . . . . . . . .	DWord	 000002B3 _DATA	
validatedNums  . . . . . . . . .	DWord	 0000028B _DATA	
white  . . . . . . . . . . . . .	Number	 0000000Fh   
wsprintf . . . . . . . . . . . .	Text   	 wsprintfA
yellow . . . . . . . . . . . . .	Number	 0000000Eh   

	   0 Warnings
	   0 Errors
